// Vitest Snapshot v1

exports[`mount component 1`] = `
"<div class=\\"EFormControl EFormControl--field ESelect ESelect--md ESelect--primary\\">
  <!--v-if-->
  <!--v-if-->
  <div class=\\"ESelect-inner\\">
    <div class=\\"ESelect-element\\"><select id=\\"id\\">
        <!--v-if-->
      </select><span class=\\"EIcon chevron-expand ESelect-icon\\" aria-hidden=\\"true\\"></span></div>
  </div>
  <!--v-if-->
  <!--v-if-->
</div>"
`;
