// Vitest Snapshot v1

exports[`mount component 1`] = `
"<div class=\\"EFormControl ECheckbox ECheckbox--md ECheckbox--primary\\">
  <div class=\\"ECheckbox-inner\\">
    <div><input id=\\"id\\" type=\\"checkbox\\" />
      <div class=\\"ECheckbox-box\\"><span class=\\"EIcon check ECheckbox-icon\\" aria-hidden=\\"true\\"></span></div>
      <!--v-if-->
    </div>
    <!--v-if-->
  </div>
</div>"
`;
